{"event":"proto.client.request_job","at":"2026-09-26T23:22:44.842033933Z","content":{"direction":"client","job_id":null,"len":null,"message":"RequestJob","worker_id":"adbaf9ad-0b23-46d2-b57e-ed4d04ee8e3b"}}
{"event":"proto.client.request_job","at":"2026-09-26T23:22:44.842248169Z","content":{"direction":"client","job_id":null,"len":null,"message":"RequestJob","worker_id":"adbaf9ad-0b23-46d2-b57e-ed4d04ee8e3b"}}
{"event":"proto.client.worker_metrics","at":"2026-09-26T23:22:45.050479718Z","content":{"direction":"client","job_id":null,"len":null,"message":"WorkerMetrics","worker_id":"adbaf9ad-0b23-46d2-b57e-ed4d04ee8e3b"}}
{"event":"evaluation.queued","at":"2026-09-26T23:22:45.115908938Z","content":{"created":true,"description":null,"evaluation_id":"01a0e007-34b0-71b9-a807-5dc6d13d6dc2","evaluation_kind":null,"phase":"queued","project":null,"repository":"https://github.com/wavelens/gobgp.nix","status":0,"task":"019ebe44-1952-7fa1-923d-a4d6e1f1523e"}}
{"event":"graph.requeued","at":"2026-09-26T23:22:45.673372059Z","content":{"requeued":0}}
{"event":"worker.queue_depth","at":"2026-09-26T23:22:47.957068290Z","content":{"active":0,"pending":0,"workers":1}}
{"event":"proto.server.job_offer","at":"2026-09-26T23:22:47.958194852Z","content":{"direction":"server","job_id":null,"len":151,"message":"JobOffer","worker_id":"adbaf9ad-0b23-46d2-b57e-ed4d04ee8e3b"}}
{"event":"proto.client.request_job_chunk","at":"2026-09-26T23:22:47.997344101Z","content":{"direction":"client","job_id":null,"len":null,"message":"RequestJobChunk","worker_id":"adbaf9ad-0b23-46d2-b57e-ed4d04ee8e3b"}}
{"event":"proto.client.request_job","at":"2026-09-26T23:22:47.997412601Z","content":{"direction":"client","job_id":null,"len":null,"message":"RequestJob","worker_id":"adbaf9ad-0b23-46d2-b57e-ed4d04ee8e3b"}}
{"event":"proto.client.request_job","at":"2026-09-26T23:22:47.997525097Z","content":{"direction":"client","job_id":null,"len":null,"message":"RequestJob","worker_id":"adbaf9ad-0b23-46d2-b57e-ed4d04ee8e3b"}}
{"event":"worker.job_dispatched","at":"2026-09-26T23:22:48.011304797Z","content":{"build_id":null,"evaluation_id":"01a0e007-34b0-71b9-a807-5dc6d13d6dc2","kind":0,"project":"019ebe44-1843-7980-b5dd-413e3d4de801","score":2057.7860080612654,"worker_id":"adbaf9ad-0b23-46d2-b57e-ed4d04ee8e3b"}}
{"event":"proto.server.credential","at":"2026-09-26T23:22:48.048634617Z","content":{"direction":"server","job_id":null,"len":497,"message":"Credential","worker_id":"adbaf9ad-0b23-46d2-b57e-ed4d04ee8e3b"}}
{"event":"proto.server.assign_job","at":"2026-09-26T23:22:48.048677098Z","content":{"direction":"server","job_id":"eval:01a0e007-34b0-71b9-a807-5dc6d13d6dc2","len":320,"message":"AssignJob","worker_id":"adbaf9ad-0b23-46d2-b57e-ed4d04ee8e3b"}}
{"event":"proto.client.assign_job_response","at":"2026-09-26T23:22:48.086534222Z","content":{"direction":"client","job_id":"eval:01a0e007-34b0-71b9-a807-5dc6d13d6dc2","len":null,"message":"AssignJobResponse","worker_id":"adbaf9ad-0b23-46d2-b57e-ed4d04ee8e3b"}}
{"event":"proto.client.job_update","at":"2026-09-26T23:22:48.086594628Z","content":{"direction":"client","job_id":"eval:01a0e007-34b0-71b9-a807-5dc6d13d6dc2","len":null,"message":"JobUpdate","worker_id":"adbaf9ad-0b23-46d2-b57e-ed4d04ee8e3b"}}
{"event":"evaluation.started","at":"2026-09-26T23:22:48.091353515Z","content":{"created":false,"description":null,"evaluation_id":"01a0e007-34b0-71b9-a807-5dc6d13d6dc2","evaluation_kind":null,"phase":"started","project":null,"repository":null,"status":8,"task":"019ebe44-1952-7fa1-923d-a4d6e1f1523e"}}
{"event":"graph.requeued","at":"2026-09-26T23:22:50.679537177Z","content":{"requeued":0}}
{"event":"proto.client.request_job","at":"2026-09-26T23:22:54.840038707Z","content":{"direction":"client","job_id":null,"len":null,"message":"RequestJob","worker_id":"adbaf9ad-0b23-46d2-b57e-ed4d04ee8e3b"}}
{"event":"proto.client.worker_metrics","at":"2026-09-26T23:22:55.049356874Z","content":{"direction":"client","job_id":null,"len":null,"message":"WorkerMetrics","worker_id":"adbaf9ad-0b23-46d2-b57e-ed4d04ee8e3b"}}
{"event":"graph.requeued","at":"2026-09-26T23:22:55.685213371Z","content":{"requeued":0}}
{"event":"proto.client.cache_query","at":"2026-09-26T23:22:59.464627804Z","content":{"direction":"client","job_id":"eval:01a0e007-34b0-71b9-a807-5dc6d13d6dc2","len":null,"message":"CacheQuery","worker_id":"adbaf9ad-0b23-46d2-b57e-ed4d04ee8e3b"}}
{"event":"proto.server.cache_status","at":"2026-09-26T23:22:59.506539145Z","content":{"direction":"server","job_id":null,"len":1277,"message":"CacheStatus","worker_id":"adbaf9ad-0b23-46d2-b57e-ed4d04ee8e3b"}}
{"event":"proto.client.nar_stream_header","at":"2026-09-26T23:22:59.544680303Z","content":{"direction":"client","job_id":"eval:01a0e007-34b0-71b9-a807-5dc6d13d6dc2","len":null,"message":"NarStreamHeader","worker_id":"adbaf9ad-0b23-46d2-b57e-ed4d04ee8e3b"}}
{"event":"proto.server.nar_push_resume","at":"2026-09-26T23:22:59.547832347Z","content":{"direction":"server","job_id":"eval:01a0e007-34b0-71b9-a807-5dc6d13d6dc2","len":177,"message":"NarPushResume","worker_id":"adbaf9ad-0b23-46d2-b57e-ed4d04ee8e3b"}}
{"event":"proto.client.job_update","at":"2026-09-26T23:22:59.592279679Z","content":{"direction":"client","job_id":"eval:01a0e007-34b0-71b9-a807-5dc6d13d6dc2","len":null,"message":"JobUpdate","worker_id":"adbaf9ad-0b23-46d2-b57e-ed4d04ee8e3b"}}
{"event":"proto.client.job_update","at":"2026-09-26T23:22:59.592322259Z","content":{"direction":"client","job_id":"eval:01a0e007-34b0-71b9-a807-5dc6d13d6dc2","len":null,"message":"JobUpdate","worker_id":"adbaf9ad-0b23-46d2-b57e-ed4d04ee8e3b"}}
{"event":"evaluation.started","at":"2026-09-26T23:22:59.605876239Z","content":{"created":false,"description":null,"evaluation_id":"01a0e007-34b0-71b9-a807-5dc6d13d6dc2","evaluation_kind":null,"phase":"started","project":null,"repository":null,"status":1,"task":"019ebe44-1952-7fa1-923d-a4d6e1f1523e"}}
{"event":"proto.client.nar_push","at":"2026-09-26T23:22:59.701375357Z","content":{"direction":"client","job_id":"eval:01a0e007-34b0-71b9-a807-5dc6d13d6dc2","len":95448,"message":"NarPush","worker_id":"adbaf9ad-0b23-46d2-b57e-ed4d04ee8e3b"}}
{"event":"proto.client.nar_push","at":"2026-09-26T23:22:59.701450020Z","content":{"direction":"client","job_id":"eval:01a0e007-34b0-71b9-a807-5dc6d13d6dc2","len":197,"message":"NarPush","worker_id":"adbaf9ad-0b23-46d2-b57e-ed4d04ee8e3b"}}
{"event":"proto.client.nar_uploaded","at":"2026-09-26T23:22:59.701557463Z","content":{"direction":"client","job_id":"eval:01a0e007-34b0-71b9-a807-5dc6d13d6dc2","len":null,"message":"NarUploaded","worker_id":"adbaf9ad-0b23-46d2-b57e-ed4d04ee8e3b"}}
{"event":"proto.client.eval_cache_pull","at":"2026-09-26T23:22:59.703513771Z","content":{"direction":"client","job_id":"eval:01a0e007-34b0-71b9-a807-5dc6d13d6dc2","len":null,"message":"EvalCachePull","worker_id":"adbaf9ad-0b23-46d2-b57e-ed4d04ee8e3b"}}
{"event":"proto.server.eval_cache_pull_result","at":"2026-09-26T23:22:59.707115131Z","content":{"direction":"server","job_id":"eval:01a0e007-34b0-71b9-a807-5dc6d13d6dc2","len":194,"message":"EvalCachePullResult","worker_id":"adbaf9ad-0b23-46d2-b57e-ed4d04ee8e3b"}}
{"event":"graph.nar_committed","at":"2026-09-26T23:22:59.719181480Z","content":{"cached_path":"01a0e007-72f9-76aa-9716-11b1ffc1b542","created":true,"outputs_marked":0}}
{"event":"proto.server.eval_cache_chunk","at":"2026-09-26T23:22:59.929867554Z","content":{"direction":"server","job_id":"eval:01a0e007-34b0-71b9-a807-5dc6d13d6dc2","len":4223,"message":"EvalCacheChunk","worker_id":"adbaf9ad-0b23-46d2-b57e-ed4d04ee8e3b"}}
{"event":"proto.client.job_update","at":"2026-09-26T23:22:59.970146535Z","content":{"direction":"client","job_id":"eval:01a0e007-34b0-71b9-a807-5dc6d13d6dc2","len":null,"message":"JobUpdate","worker_id":"adbaf9ad-0b23-46d2-b57e-ed4d04ee8e3b"}}
{"event":"evaluation.started","at":"2026-09-26T23:22:59.975582219Z","content":{"created":false,"description":null,"evaluation_id":"01a0e007-34b0-71b9-a807-5dc6d13d6dc2","evaluation_kind":null,"phase":"started","project":null,"repository":null,"status":2,"task":"019ebe44-1952-7fa1-923d-a4d6e1f1523e"}}
{"event":"cache.narinfo.served","at":"2026-09-26T23:23:00.477604587Z","content":{"cache":"019e8549-ef89-74d2-959e-3c9c15decaef","hash":"adnv8fv69zmlrkj0m3m7af18rn3g77c4","hit":true}}
{"event":"cache.nar.fetched","at":"2026-09-26T23:23:00.579560508Z","content":{"cache":"019e8549-ef89-74d2-959e-3c9c15decaef","hash":"adnv8fv69zmlrkj0m3m7af18rn3g77c4","size":96941}}
{"event":"graph.requeued","at":"2026-09-26T23:23:00.691166286Z","content":{"requeued":0}}
{"event":"worker.queue_depth","at":"2026-09-26T23:23:02.963082097Z","content":{"active":1,"pending":0,"workers":1}}
{"event":"proto.client.request_job","at":"2026-09-26T23:23:04.842240828Z","content":{"direction":"client","job_id":null,"len":null,"message":"RequestJob","worker_id":"adbaf9ad-0b23-46d2-b57e-ed4d04ee8e3b"}}
{"event":"proto.client.worker_metrics","at":"2026-09-26T23:23:05.049722713Z","content":{"direction":"client","job_id":null,"len":null,"message":"WorkerMetrics","worker_id":"adbaf9ad-0b23-46d2-b57e-ed4d04ee8e3b"}}
{"event":"graph.requeued","at":"2026-09-26T23:23:05.697557423Z","content":{"requeued":0}}
{"event":"graph.requeued","at":"2026-09-26T23:23:10.704556696Z","content":{"requeued":0}}
{"event":"proto.client.request_job","at":"2026-09-26T23:23:14.841595406Z","content":{"direction":"client","job_id":null,"len":null,"message":"RequestJob","worker_id":"adbaf9ad-0b23-46d2-b57e-ed4d04ee8e3b"}}
{"event":"proto.client.worker_metrics","at":"2026-09-26T23:23:15.049426783Z","content":{"direction":"client","job_id":null,"len":null,"message":"WorkerMetrics","worker_id":"adbaf9ad-0b23-46d2-b57e-ed4d04ee8e3b"}}
{"event":"graph.requeued","at":"2026-09-26T23:23:15.710774689Z","content":{"requeued":0}}
{"event":"worker.queue_depth","at":"2026-09-26T23:23:17.967068364Z","content":{"active":1,"pending":0,"workers":1}}
{"event":"graph.requeued","at":"2026-09-26T23:23:20.717602946Z","content":{"requeued":0}}
{"event":"proto.client.request_job","at":"2026-09-26T23:23:24.841573419Z","content":{"direction":"client","job_id":null,"len":null,"message":"RequestJob","worker_id":"adbaf9ad-0b23-46d2-b57e-ed4d04ee8e3b"}}
{"event":"proto.client.worker_metrics","at":"2026-09-26T23:23:25.051225752Z","content":{"direction":"client","job_id":null,"len":null,"message":"WorkerMetrics","worker_id":"adbaf9ad-0b23-46d2-b57e-ed4d04ee8e3b"}}
{"event":"graph.requeued","at":"2026-09-26T23:23:25.723378497Z","content":{"requeued":0}}
{"event":"graph.requeued","at":"2026-09-26T23:23:30.729416452Z","content":{"requeued":0}}
{"event":"worker.queue_depth","at":"2026-09-26T23:23:32.971376600Z","content":{"active":1,"pending":0,"workers":1}}
{"event":"proto.client.request_job","at":"2026-09-26T23:23:34.841501428Z","content":{"direction":"client","job_id":null,"len":null,"message":"RequestJob","worker_id":"adbaf9ad-0b23-46d2-b57e-ed4d04ee8e3b"}}
{"event":"proto.client.worker_metrics","at":"2026-09-26T23:23:35.049580027Z","content":{"direction":"client","job_id":null,"len":null,"message":"WorkerMetrics","worker_id":"adbaf9ad-0b23-46d2-b57e-ed4d04ee8e3b"}}
{"event":"graph.requeued","at":"2026-09-26T23:23:35.735139313Z","content":{"requeued":0}}
{"event":"proto.client.query_known_derivations","at":"2026-09-26T23:23:37.162543959Z","content":{"direction":"client","job_id":"eval:01a0e007-34b0-71b9-a807-5dc6d13d6dc2","len":null,"message":"QueryKnownDerivations","worker_id":"adbaf9ad-0b23-46d2-b57e-ed4d04ee8e3b"}}
{"event":"proto.server.known_derivations","at":"2026-09-26T23:23:37.171110310Z","content":{"direction":"server","job_id":null,"len":326,"message":"KnownDerivations","worker_id":"adbaf9ad-0b23-46d2-b57e-ed4d04ee8e3b"}}
{"event":"proto.client.query_known_derivations","at":"2026-09-26T23:23:37.209734491Z","content":{"direction":"client","job_id":"eval:01a0e007-34b0-71b9-a807-5dc6d13d6dc2","len":null,"message":"QueryKnownDerivations","worker_id":"adbaf9ad-0b23-46d2-b57e-ed4d04ee8e3b"}}
{"event":"proto.server.known_derivations","at":"2026-09-26T23:23:37.219703296Z","content":{"direction":"server","job_id":null,"len":699,"message":"KnownDerivations","worker_id":"adbaf9ad-0b23-46d2-b57e-ed4d04ee8e3b"}}
{"event":"proto.client.query_known_derivations","at":"2026-09-26T23:23:37.258901520Z","content":{"direction":"client","job_id":"eval:01a0e007-34b0-71b9-a807-5dc6d13d6dc2","len":null,"message":"QueryKnownDerivations","worker_id":"adbaf9ad-0b23-46d2-b57e-ed4d04ee8e3b"}}
{"event":"proto.server.known_derivations","at":"2026-09-26T23:23:37.278572761Z","content":{"direction":"server","job_id":null,"len":3984,"message":"KnownDerivations","worker_id":"adbaf9ad-0b23-46d2-b57e-ed4d04ee8e3b"}}
{"event":"proto.client.query_known_derivations","at":"2026-09-26T23:23:37.322366905Z","content":{"direction":"client","job_id":"eval:01a0e007-34b0-71b9-a807-5dc6d13d6dc2","len":null,"message":"QueryKnownDerivations","worker_id":"adbaf9ad-0b23-46d2-b57e-ed4d04ee8e3b"}}
{"event":"proto.server.known_derivations","at":"2026-09-26T23:23:37.344432818Z","content":{"direction":"server","job_id":null,"len":5267,"message":"KnownDerivations","worker_id":"adbaf9ad-0b23-46d2-b57e-ed4d04ee8e3b"}}
{"event":"proto.client.query_known_derivations","at":"2026-09-26T23:23:37.384608929Z","content":{"direction":"client","job_id":"eval:01a0e007-34b0-71b9-a807-5dc6d13d6dc2","len":null,"message":"QueryKnownDerivations","worker_id":"adbaf9ad-0b23-46d2-b57e-ed4d04ee8e3b"}}
{"event":"proto.server.known_derivations","at":"2026-09-26T23:23:37.395773036Z","content":{"direction":"server","job_id":null,"len":772,"message":"KnownDerivations","worker_id":"adbaf9ad-0b23-46d2-b57e-ed4d04ee8e3b"}}
{"event":"proto.client.cache_query","at":"2026-09-26T23:23:38.226907329Z","content":{"direction":"client","job_id":"eval:01a0e007-34b0-71b9-a807-5dc6d13d6dc2","len":null,"message":"CacheQuery","worker_id":"adbaf9ad-0b23-46d2-b57e-ed4d04ee8e3b"}}
{"event":"proto.client.cache_query","at":"2026-09-26T23:23:38.227780256Z","content":{"direction":"client","job_id":"eval:01a0e007-34b0-71b9-a807-5dc6d13d6dc2","len":null,"message":"CacheQuery","worker_id":"adbaf9ad-0b23-46d2-b57e-ed4d04ee8e3b"}}
{"event":"proto.client.cache_query","at":"2026-09-26T23:23:38.265196158Z","content":{"direction":"client","job_id":"eval:01a0e007-34b0-71b9-a807-5dc6d13d6dc2","len":null,"message":"CacheQuery","worker_id":"adbaf9ad-0b23-46d2-b57e-ed4d04ee8e3b"}}
{"event":"proto.client.cache_query","at":"2026-09-26T23:23:38.266036375Z","content":{"direction":"client","job_id":"eval:01a0e007-34b0-71b9-a807-5dc6d13d6dc2","len":null,"message":"CacheQuery","worker_id":"adbaf9ad-0b23-46d2-b57e-ed4d04ee8e3b"}}
{"event":"proto.server.cache_status","at":"2026-09-26T23:23:38.367597324Z","content":{"direction":"server","job_id":null,"len":183197,"message":"CacheStatus","worker_id":"adbaf9ad-0b23-46d2-b57e-ed4d04ee8e3b"}}
{"event":"proto.server.cache_status","at":"2026-09-26T23:23:38.369665998Z","content":{"direction":"server","job_id":null,"len":182619,"message":"CacheStatus","worker_id":"adbaf9ad-0b23-46d2-b57e-ed4d04ee8e3b"}}
{"event":"proto.server.cache_status","at":"2026-09-26T23:23:38.370226578Z","content":{"direction":"server","job_id":null,"len":182866,"message":"CacheStatus","worker_id":"adbaf9ad-0b23-46d2-b57e-ed4d04ee8e3b"}}
{"event":"proto.server.cache_status","at":"2026-09-26T23:23:38.370280585Z","content":{"direction":"server","job_id":null,"len":183222,"message":"CacheStatus","worker_id":"adbaf9ad-0b23-46d2-b57e-ed4d04ee8e3b"}}
{"event":"proto.client.cache_query","at":"2026-09-26T23:23:38.522360916Z","content":{"direction":"client","job_id":"eval:01a0e007-34b0-71b9-a807-5dc6d13d6dc2","len":null,"message":"CacheQuery","worker_id":"adbaf9ad-0b23-46d2-b57e-ed4d04ee8e3b"}}
{"event":"proto.server.cache_status","at":"2026-09-26T23:23:38.545076527Z","content":{"direction":"server","job_id":null,"len":38466,"message":"CacheStatus","worker_id":"adbaf9ad-0b23-46d2-b57e-ed4d04ee8e3b"}}
{"event":"proto.client.job_update","at":"2026-09-26T23:23:38.605307409Z","content":{"direction":"client","job_id":"eval:01a0e007-34b0-71b9-a807-5dc6d13d6dc2","len":null,"message":"JobUpdate","worker_id":"adbaf9ad-0b23-46d2-b57e-ed4d04ee8e3b"}}
{"event":"proto.client.query_known_derivations","at":"2026-09-26T23:23:38.605380422Z","content":{"direction":"client","job_id":"eval:01a0e007-34b0-71b9-a807-5dc6d13d6dc2","len":null,"message":"QueryKnownDerivations","worker_id":"adbaf9ad-0b23-46d2-b57e-ed4d04ee8e3b"}}
{"event":"proto.server.known_derivations","at":"2026-09-26T23:23:38.624916286Z","content":{"direction":"server","job_id":null,"len":10356,"message":"KnownDerivations","worker_id":"adbaf9ad-0b23-46d2-b57e-ed4d04ee8e3b"}}
{"event":"build.completed","at":"2026-09-26T23:23:38.840922117Z","content":{"build_id":"01a0e008-0b3c-71c1-bf16-4789e2805773","derivation":"01a04d28-1efb-7641-a375-7313df6638cf","derivation_path":null,"evaluation_id":"01a0e007-34b0-71b9-a807-5dc6d13d6dc2","evaluation_kind":null,"project":null,"status":3,"task":null}}
{"event":"build.completed","at":"2026-09-26T23:23:38.842852507Z","content":{"build_id":"01a0e008-0b3c-71c1-bf16-485e87097a88","derivation":"01a04d28-1efb-7641-a375-7331729f45c0","derivation_path":null,"evaluation_id":"01a0e007-34b0-71b9-a807-5dc6d13d6dc2","evaluation_kind":null,"project":null,"status":3,"task":null}}
{"event":"evaluation.progress","at":"2026-09-26T23:23:38.843700133Z","content":{"evaluation_id":"01a0e007-34b0-71b9-a807-5dc6d13d6dc2","task":"019ebe44-1952-7fa1-923d-a4d6e1f1523e"}}
{"event":"graph.ingested","at":"2026-09-26T23:23:38.843960771Z","content":{"entry_points":2,"evaluation_id":"01a0e007-34b0-71b9-a807-5dc6d13d6dc2","skipped":false,"task":"019ebe44-1952-7fa1-923d-a4d6e1f1523e","walked":50}}
{"event":"proto.client.cache_query","at":"2026-09-26T23:23:39.306460256Z","content":{"direction":"client","job_id":"eval:01a0e007-34b0-71b9-a807-5dc6d13d6dc2","len":null,"message":"CacheQuery","worker_id":"adbaf9ad-0b23-46d2-b57e-ed4d04ee8e3b"}}
{"event":"proto.client.cache_query","at":"2026-09-26T23:23:39.335625814Z","content":{"direction":"client","job_id":"eval:01a0e007-34b0-71b9-a807-5dc6d13d6dc2","len":null,"message":"CacheQuery","worker_id":"adbaf9ad-0b23-46d2-b57e-ed4d04ee8e3b"}}
{"event":"proto.client.cache_query","at":"2026-09-26T23:23:39.349936826Z","content":{"direction":"client","job_id":"eval:01a0e007-34b0-71b9-a807-5dc6d13d6dc2","len":null,"message":"CacheQuery","worker_id":"adbaf9ad-0b23-46d2-b57e-ed4d04ee8e3b"}}
{"event":"proto.client.cache_query","at":"2026-09-26T23:23:39.350562314Z","content":{"direction":"client","job_id":"eval:01a0e007-34b0-71b9-a807-5dc6d13d6dc2","len":null,"message":"CacheQuery","worker_id":"adbaf9ad-0b23-46d2-b57e-ed4d04ee8e3b"}}
{"event":"proto.server.cache_status","at":"2026-09-26T23:23:39.352469933Z","content":{"direction":"server","job_id":null,"len":182595,"message":"CacheStatus","worker_id":"adbaf9ad-0b23-46d2-b57e-ed4d04ee8e3b"}}
{"event":"proto.server.cache_status","at":"2026-09-26T23:23:39.379296832Z","content":{"direction":"server","job_id":null,"len":91543,"message":"CacheStatus","worker_id":"adbaf9ad-0b23-46d2-b57e-ed4d04ee8e3b"}}
{"event":"proto.server.cache_status","at":"2026-09-26T23:23:39.390386174Z","content":{"direction":"server","job_id":null,"len":182289,"message":"CacheStatus","worker_id":"adbaf9ad-0b23-46d2-b57e-ed4d04ee8e3b"}}
{"event":"proto.server.cache_status","at":"2026-09-26T23:23:39.394069659Z","content":{"direction":"server","job_id":null,"len":182547,"message":"CacheStatus","worker_id":"adbaf9ad-0b23-46d2-b57e-ed4d04ee8e3b"}}
{"event":"proto.client.job_update","at":"2026-09-26T23:23:39.501970302Z","content":{"direction":"client","job_id":"eval:01a0e007-34b0-71b9-a807-5dc6d13d6dc2","len":null,"message":"JobUpdate","worker_id":"adbaf9ad-0b23-46d2-b57e-ed4d04ee8e3b"}}
{"event":"evaluation.progress","at":"2026-09-26T23:23:39.602342542Z","content":{"evaluation_id":"01a0e007-34b0-71b9-a807-5dc6d13d6dc2","task":"019ebe44-1952-7fa1-923d-a4d6e1f1523e"}}
{"event":"graph.ingested","at":"2026-09-26T23:23:39.602494634Z","content":{"entry_points":0,"evaluation_id":"01a0e007-34b0-71b9-a807-5dc6d13d6dc2","skipped":false,"task":"019ebe44-1952-7fa1-923d-a4d6e1f1523e","walked":50}}
{"event":"proto.client.cache_query","at":"2026-09-26T23:23:40.115294631Z","content":{"direction":"client","job_id":"eval:01a0e007-34b0-71b9-a807-5dc6d13d6dc2","len":null,"message":"CacheQuery","worker_id":"adbaf9ad-0b23-46d2-b57e-ed4d04ee8e3b"}}
{"event":"proto.client.cache_query","at":"2026-09-26T23:23:40.136422842Z","content":{"direction":"client","job_id":"eval:01a0e007-34b0-71b9-a807-5dc6d13d6dc2","len":null,"message":"CacheQuery","worker_id":"adbaf9ad-0b23-46d2-b57e-ed4d04ee8e3b"}}
{"event":"proto.client.cache_query","at":"2026-09-26T23:23:40.148706527Z","content":{"direction":"client","job_id":"eval:01a0e007-34b0-71b9-a807-5dc6d13d6dc2","len":null,"message":"CacheQuery","worker_id":"adbaf9ad-0b23-46d2-b57e-ed4d04ee8e3b"}}
{"event":"proto.client.cache_query","at":"2026-09-26T23:23:40.152471328Z","content":{"direction":"client","job_id":"eval:01a0e007-34b0-71b9-a807-5dc6d13d6dc2","len":null,"message":"CacheQuery","worker_id":"adbaf9ad-0b23-46d2-b57e-ed4d04ee8e3b"}}
{"event":"proto.server.cache_status","at":"2026-09-26T23:23:40.165289724Z","content":{"direction":"server","job_id":null,"len":182863,"message":"CacheStatus","worker_id":"adbaf9ad-0b23-46d2-b57e-ed4d04ee8e3b"}}
{"event":"proto.server.cache_status","at":"2026-09-26T23:23:40.180941933Z","content":{"direction":"server","job_id":null,"len":82733,"message":"CacheStatus","worker_id":"adbaf9ad-0b23-46d2-b57e-ed4d04ee8e3b"}}
{"event":"proto.server.cache_status","at":"2026-09-26T23:23:40.188955791Z","content":{"direction":"server","job_id":null,"len":182464,"message":"CacheStatus","worker_id":"adbaf9ad-0b23-46d2-b57e-ed4d04ee8e3b"}}
{"event":"proto.server.cache_status","at":"2026-09-26T23:23:40.196879194Z","content":{"direction":"server","job_id":null,"len":182292,"message":"CacheStatus","worker_id":"adbaf9ad-0b23-46d2-b57e-ed4d04ee8e3b"}}
{"event":"proto.client.job_update","at":"2026-09-26T23:23:40.282315991Z","content":{"direction":"client","job_id":"eval:01a0e007-34b0-71b9-a807-5dc6d13d6dc2","len":null,"message":"JobUpdate","worker_id":"adbaf9ad-0b23-46d2-b57e-ed4d04ee8e3b"}}
{"event":"proto.client.query_known_derivations","at":"2026-09-26T23:23:40.282385580Z","content":{"direction":"client","job_id":"eval:01a0e007-34b0-71b9-a807-5dc6d13d6dc2","len":null,"message":"QueryKnownDerivations","worker_id":"adbaf9ad-0b23-46d2-b57e-ed4d04ee8e3b"}}
{"event":"proto.server.known_derivations","at":"2026-09-26T23:23:40.288875855Z","content":{"direction":"server","job_id":null,"len":2631,"message":"KnownDerivations","worker_id":"adbaf9ad-0b23-46d2-b57e-ed4d04ee8e3b"}}
{"event":"evaluation.progress","at":"2026-09-26T23:23:40.467160774Z","content":{"evaluation_id":"01a0e007-34b0-71b9-a807-5dc6d13d6dc2","task":"019ebe44-1952-7fa1-923d-a4d6e1f1523e"}}
{"event":"graph.ingested","at":"2026-09-26T23:23:40.467412237Z","content":{"entry_points":0,"evaluation_id":"01a0e007-34b0-71b9-a807-5dc6d13d6dc2","skipped":false,"task":"019ebe44-1952-7fa1-923d-a4d6e1f1523e","walked":50}}
{"event":"graph.requeued","at":"2026-09-26T23:23:40.740819736Z","content":{"requeued":0}}
{"event":"proto.client.cache_query","at":"2026-09-26T23:23:40.956676066Z","content":{"direction":"client","job_id":"eval:01a0e007-34b0-71b9-a807-5dc6d13d6dc2","len":null,"message":"CacheQuery","worker_id":"adbaf9ad-0b23-46d2-b57e-ed4d04ee8e3b"}}
{"event":"proto.client.cache_query","at":"2026-09-26T23:23:40.957879011Z","content":{"direction":"client","job_id":"eval:01a0e007-34b0-71b9-a807-5dc6d13d6dc2","len":null,"message":"CacheQuery","worker_id":"adbaf9ad-0b23-46d2-b57e-ed4d04ee8e3b"}}
{"event":"proto.client.cache_query","at":"2026-09-26T23:23:40.958952740Z","content":{"direction":"client","job_id":"eval:01a0e007-34b0-71b9-a807-5dc6d13d6dc2","len":null,"message":"CacheQuery","worker_id":"adbaf9ad-0b23-46d2-b57e-ed4d04ee8e3b"}}
{"event":"proto.client.cache_query","at":"2026-09-26T23:23:40.993471659Z","content":{"direction":"client","job_id":"eval:01a0e007-34b0-71b9-a807-5dc6d13d6dc2","len":null,"message":"CacheQuery","worker_id":"adbaf9ad-0b23-46d2-b57e-ed4d04ee8e3b"}}
{"event":"proto.server.cache_status","at":"2026-09-26T23:23:41.004654417Z","content":{"direction":"server","job_id":null,"len":182284,"message":"CacheStatus","worker_id":"adbaf9ad-0b23-46d2-b57e-ed4d04ee8e3b"}}
{"event":"proto.server.cache_status","at":"2026-09-26T23:23:41.004755401Z","content":{"direction":"server","job_id":null,"len":182766,"message":"CacheStatus","worker_id":"adbaf9ad-0b23-46d2-b57e-ed4d04ee8e3b"}}
{"event":"proto.server.cache_status","at":"2026-09-26T23:23:41.004809569Z","content":{"direction":"server","job_id":null,"len":182434,"message":"CacheStatus","worker_id":"adbaf9ad-0b23-46d2-b57e-ed4d04ee8e3b"}}
{"event":"proto.server.cache_status","at":"2026-09-26T23:23:41.015519284Z","content":{"direction":"server","job_id":null,"len":74295,"message":"CacheStatus","worker_id":"adbaf9ad-0b23-46d2-b57e-ed4d04ee8e3b"}}
{"event":"proto.client.job_update","at":"2026-09-26T23:23:41.123202531Z","content":{"direction":"client","job_id":"eval:01a0e007-34b0-71b9-a807-5dc6d13d6dc2","len":null,"message":"JobUpdate","worker_id":"adbaf9ad-0b23-46d2-b57e-ed4d04ee8e3b"}}
{"event":"proto.client.query_known_derivations","at":"2026-09-26T23:23:41.123316307Z","content":{"direction":"client","job_id":"eval:01a0e007-34b0-71b9-a807-5dc6d13d6dc2","len":null,"message":"QueryKnownDerivations","worker_id":"adbaf9ad-0b23-46d2-b57e-ed4d04ee8e3b"}}
{"event":"proto.server.known_derivations","at":"2026-09-26T23:23:41.134311830Z","content":{"direction":"server","job_id":null,"len":6466,"message":"KnownDerivations","worker_id":"adbaf9ad-0b23-46d2-b57e-ed4d04ee8e3b"}}
{"event":"evaluation.progress","at":"2026-09-26T23:23:41.249047208Z","content":{"evaluation_id":"01a0e007-34b0-71b9-a807-5dc6d13d6dc2","task":"019ebe44-1952-7fa1-923d-a4d6e1f1523e"}}
{"event":"graph.ingested","at":"2026-09-26T23:23:41.249227565Z","content":{"entry_points":0,"evaluation_id":"01a0e007-34b0-71b9-a807-5dc6d13d6dc2","skipped":false,"task":"019ebe44-1952-7fa1-923d-a4d6e1f1523e","walked":50}}
{"event":"proto.client.cache_query","at":"2026-09-26T23:23:41.792146904Z","content":{"direction":"client","job_id":"eval:01a0e007-34b0-71b9-a807-5dc6d13d6dc2","len":null,"message":"CacheQuery","worker_id":"adbaf9ad-0b23-46d2-b57e-ed4d04ee8e3b"}}
{"event":"proto.client.cache_query","at":"2026-09-26T23:23:41.814583299Z","content":{"direction":"client","job_id":"eval:01a0e007-34b0-71b9-a807-5dc6d13d6dc2","len":null,"message":"CacheQuery","worker_id":"adbaf9ad-0b23-46d2-b57e-ed4d04ee8e3b"}}
{"event":"proto.client.cache_query","at":"2026-09-26T23:23:41.828223820Z","content":{"direction":"client","job_id":"eval:01a0e007-34b0-71b9-a807-5dc6d13d6dc2","len":null,"message":"CacheQuery","worker_id":"adbaf9ad-0b23-46d2-b57e-ed4d04ee8e3b"}}
{"event":"proto.client.cache_query","at":"2026-09-26T23:23:41.828373712Z","content":{"direction":"client","job_id":"eval:01a0e007-34b0-71b9-a807-5dc6d13d6dc2","len":null,"message":"CacheQuery","worker_id":"adbaf9ad-0b23-46d2-b57e-ed4d04ee8e3b"}}
{"event":"proto.server.cache_status","at":"2026-09-26T23:23:41.838330480Z","content":{"direction":"server","job_id":null,"len":182504,"message":"CacheStatus","worker_id":"adbaf9ad-0b23-46d2-b57e-ed4d04ee8e3b"}}
{"event":"proto.server.cache_status","at":"2026-09-26T23:23:41.853021028Z","content":{"direction":"server","job_id":null,"len":74301,"message":"CacheStatus","worker_id":"adbaf9ad-0b23-46d2-b57e-ed4d04ee8e3b"}}
{"event":"proto.server.cache_status","at":"2026-09-26T23:23:41.858025741Z","content":{"direction":"server","job_id":null,"len":182483,"message":"CacheStatus","worker_id":"adbaf9ad-0b23-46d2-b57e-ed4d04ee8e3b"}}
{"event":"proto.server.cache_status","at":"2026-09-26T23:23:41.871082354Z","content":{"direction":"server","job_id":null,"len":182276,"message":"CacheStatus","worker_id":"adbaf9ad-0b23-46d2-b57e-ed4d04ee8e3b"}}
{"event":"proto.client.job_update","at":"2026-09-26T23:23:41.957633319Z","content":{"direction":"client","job_id":"eval:01a0e007-34b0-71b9-a807-5dc6d13d6dc2","len":null,"message":"JobUpdate","worker_id":"adbaf9ad-0b23-46d2-b57e-ed4d04ee8e3b"}}
{"event":"proto.client.query_known_derivations","at":"2026-09-26T23:23:41.957680877Z","content":{"direction":"client","job_id":"eval:01a0e007-34b0-71b9-a807-5dc6d13d6dc2","len":null,"message":"QueryKnownDerivations","worker_id":"adbaf9ad-0b23-46d2-b57e-ed4d04ee8e3b"}}
{"event":"proto.server.known_derivations","at":"2026-09-26T23:23:41.962193368Z","content":{"direction":"server","job_id":null,"len":440,"message":"KnownDerivations","worker_id":"adbaf9ad-0b23-46d2-b57e-ed4d04ee8e3b"}}
{"event":"evaluation.progress","at":"2026-09-26T23:23:42.126120981Z","content":{"evaluation_id":"01a0e007-34b0-71b9-a807-5dc6d13d6dc2","task":"019ebe44-1952-7fa1-923d-a4d6e1f1523e"}}
{"event":"graph.ingested","at":"2026-09-26T23:23:42.126359634Z","content":{"entry_points":0,"evaluation_id":"01a0e007-34b0-71b9-a807-5dc6d13d6dc2","skipped":false,"task":"019ebe44-1952-7fa1-923d-a4d6e1f1523e","walked":50}}
{"event":"proto.client.cache_query","at":"2026-09-26T23:23:42.622772145Z","content":{"direction":"client","job_id":"eval:01a0e007-34b0-71b9-a807-5dc6d13d6dc2","len":null,"message":"CacheQuery","worker_id":"adbaf9ad-0b23-46d2-b57e-ed4d04ee8e3b"}}
{"event":"proto.client.cache_query","at":"2026-09-26T23:23:42.642656504Z","content":{"direction":"client","job_id":"eval:01a0e007-34b0-71b9-a807-5dc6d13d6dc2","len":null,"message":"CacheQuery","worker_id":"adbaf9ad-0b23-46d2-b57e-ed4d04ee8e3b"}}
{"event":"proto.client.cache_query","at":"2026-09-26T23:23:42.656265432Z","content":{"direction":"client","job_id":"eval:01a0e007-34b0-71b9-a807-5dc6d13d6dc2","len":null,"message":"CacheQuery","worker_id":"adbaf9ad-0b23-46d2-b57e-ed4d04ee8e3b"}}
{"event":"proto.client.cache_query","at":"2026-09-26T23:23:42.657227981Z","content":{"direction":"client","job_id":"eval:01a0e007-34b0-71b9-a807-5dc6d13d6dc2","len":null,"message":"CacheQuery","worker_id":"adbaf9ad-0b23-46d2-b57e-ed4d04ee8e3b"}}
{"event":"proto.server.cache_status","at":"2026-09-26T23:23:42.676954831Z","content":{"direction":"server","job_id":null,"len":182230,"message":"CacheStatus","worker_id":"adbaf9ad-0b23-46d2-b57e-ed4d04ee8e3b"}}
{"event":"proto.server.cache_status","at":"2026-09-26T23:23:42.680602369Z","content":{"direction":"server","job_id":null,"len":73171,"message":"CacheStatus","worker_id":"adbaf9ad-0b23-46d2-b57e-ed4d04ee8e3b"}}
{"event":"proto.server.cache_status","at":"2026-09-26T23:23:42.689499952Z","content":{"direction":"server","job_id":null,"len":182626,"message":"CacheStatus","worker_id":"adbaf9ad-0b23-46d2-b57e-ed4d04ee8e3b"}}
{"event":"proto.server.cache_status","at":"2026-09-26T23:23:42.696557832Z","content":{"direction":"server","job_id":null,"len":182311,"message":"CacheStatus","worker_id":"adbaf9ad-0b23-46d2-b57e-ed4d04ee8e3b"}}
{"event":"proto.client.job_update","at":"2026-09-26T23:23:42.792557625Z","content":{"direction":"client","job_id":"eval:01a0e007-34b0-71b9-a807-5dc6d13d6dc2","len":null,"message":"JobUpdate","worker_id":"adbaf9ad-0b23-46d2-b57e-ed4d04ee8e3b"}}
{"event":"proto.client.query_known_derivations","at":"2026-09-26T23:23:42.792600279Z","content":{"direction":"client","job_id":"eval:01a0e007-34b0-71b9-a807-5dc6d13d6dc2","len":null,"message":"QueryKnownDerivations","worker_id":"adbaf9ad-0b23-46d2-b57e-ed4d04ee8e3b"}}
{"event":"proto.server.known_derivations","at":"2026-09-26T23:23:42.796234271Z","content":{"direction":"server","job_id":null,"len":2236,"message":"KnownDerivations","worker_id":"adbaf9ad-0b23-46d2-b57e-ed4d04ee8e3b"}}
{"event":"proto.client.query_known_derivations","at":"2026-09-26T23:23:42.834721288Z","content":{"direction":"client","job_id":"eval:01a0e007-34b0-71b9-a807-5dc6d13d6dc2","len":null,"message":"QueryKnownDerivations","worker_id":"adbaf9ad-0b23-46d2-b57e-ed4d04ee8e3b"}}
{"event":"evaluation.progress","at":"2026-09-26T23:23:42.919767325Z","content":{"evaluation_id":"01a0e007-34b0-71b9-a807-5dc6d13d6dc2","task":"019ebe44-1952-7fa1-923d-a4d6e1f1523e"}}
{"event":"graph.ingested","at":"2026-09-26T23:23:42.920103743Z","content":{"entry_points":0,"evaluation_id":"01a0e007-34b0-71b9-a807-5dc6d13d6dc2","skipped":false,"task":"019ebe44-1952-7fa1-923d-a4d6e1f1523e","walked":50}}
{"event":"proto.server.known_derivations","at":"2026-09-26T23:23:42.921308954Z","content":{"direction":"server","job_id":null,"len":122,"message":"KnownDerivations","worker_id":"adbaf9ad-0b23-46d2-b57e-ed4d04ee8e3b"}}
{"event":"proto.client.query_known_derivations","at":"2026-09-26T23:23:42.959862556Z","content":{"direction":"client","job_id":"eval:01a0e007-34b0-71b9-a807-5dc6d13d6dc2","len":null,"message":"QueryKnownDerivations","worker_id":"adbaf9ad-0b23-46d2-b57e-ed4d04ee8e3b"}}
{"event":"proto.server.known_derivations","at":"2026-09-26T23:23:42.961137673Z","content":{"direction":"server","job_id":null,"len":122,"message":"KnownDerivations","worker_id":"adbaf9ad-0b23-46d2-b57e-ed4d04ee8e3b"}}
{"event":"proto.client.query_known_derivations","at":"2026-09-26T23:23:42.998792507Z","content":{"direction":"client","job_id":"eval:01a0e007-34b0-71b9-a807-5dc6d13d6dc2","len":null,"message":"QueryKnownDerivations","worker_id":"adbaf9ad-0b23-46d2-b57e-ed4d04ee8e3b"}}
{"event":"proto.server.known_derivations","at":"2026-09-26T23:23:43.002233306Z","content":{"direction":"server","job_id":null,"len":484,"message":"KnownDerivations","worker_id":"adbaf9ad-0b23-46d2-b57e-ed4d04ee8e3b"}}
{"event":"proto.client.query_known_derivations","at":"2026-09-26T23:23:43.040353411Z","content":{"direction":"client","job_id":"eval:01a0e007-34b0-71b9-a807-5dc6d13d6dc2","len":null,"message":"QueryKnownDerivations","worker_id":"adbaf9ad-0b23-46d2-b57e-ed4d04ee8e3b"}}
{"event":"proto.server.known_derivations","at":"2026-09-26T23:23:43.042800885Z","content":{"direction":"server","job_id":null,"len":122,"message":"KnownDerivations","worker_id":"adbaf9ad-0b23-46d2-b57e-ed4d04ee8e3b"}}
{"event":"proto.client.cache_query","at":"2026-09-26T23:23:43.684012533Z","content":{"direction":"client","job_id":"eval:01a0e007-34b0-71b9-a807-5dc6d13d6dc2","len":null,"message":"CacheQuery","worker_id":"adbaf9ad-0b23-46d2-b57e-ed4d04ee8e3b"}}
{"event":"proto.client.cache_query","at":"2026-09-26T23:23:43.704324050Z","content":{"direction":"client","job_id":"eval:01a0e007-34b0-71b9-a807-5dc6d13d6dc2","len":null,"message":"CacheQuery","worker_id":"adbaf9ad-0b23-46d2-b57e-ed4d04ee8e3b"}}
{"event":"proto.client.cache_query","at":"2026-09-26T23:23:43.717102192Z","content":{"direction":"client","job_id":"eval:01a0e007-34b0-71b9-a807-5dc6d13d6dc2","len":null,"message":"CacheQuery","worker_id":"adbaf9ad-0b23-46d2-b57e-ed4d04ee8e3b"}}
{"event":"proto.client.cache_query","at":"2026-09-26T23:23:43.717981217Z","content":{"direction":"client","job_id":"eval:01a0e007-34b0-71b9-a807-5dc6d13d6dc2","len":null,"message":"CacheQuery","worker_id":"adbaf9ad-0b23-46d2-b57e-ed4d04ee8e3b"}}
{"event":"proto.server.cache_status","at":"2026-09-26T23:23:43.732408223Z","content":{"direction":"server","job_id":null,"len":182504,"message":"CacheStatus","worker_id":"adbaf9ad-0b23-46d2-b57e-ed4d04ee8e3b"}}
{"event":"proto.server.cache_status","at":"2026-09-26T23:23:43.737682054Z","content":{"direction":"server","job_id":null,"len":52431,"message":"CacheStatus","worker_id":"adbaf9ad-0b23-46d2-b57e-ed4d04ee8e3b"}}
{"event":"proto.server.cache_status","at":"2026-09-26T23:23:43.746446080Z","content":{"direction":"server","job_id":null,"len":182524,"message":"CacheStatus","worker_id":"adbaf9ad-0b23-46d2-b57e-ed4d04ee8e3b"}}
{"event":"proto.server.cache_status","at":"2026-09-26T23:23:43.761850412Z","content":{"direction":"server","job_id":null,"len":182438,"message":"CacheStatus","worker_id":"adbaf9ad-0b23-46d2-b57e-ed4d04ee8e3b"}}
{"event":"proto.client.job_update","at":"2026-09-26T23:23:43.846802909Z","content":{"direction":"client","job_id":"eval:01a0e007-34b0-71b9-a807-5dc6d13d6dc2","len":null,"message":"JobUpdate","worker_id":"adbaf9ad-0b23-46d2-b57e-ed4d04ee8e3b"}}
{"event":"evaluation.progress","at":"2026-09-26T23:23:43.971740248Z","content":{"evaluation_id":"01a0e007-34b0-71b9-a807-5dc6d13d6dc2","task":"019ebe44-1952-7fa1-923d-a4d6e1f1523e"}}
{"event":"graph.ingested","at":"2026-09-26T23:23:43.971903529Z","content":{"entry_points":0,"evaluation_id":"01a0e007-34b0-71b9-a807-5dc6d13d6dc2","skipped":false,"task":"019ebe44-1952-7fa1-923d-a4d6e1f1523e","walked":50}}
{"event":"proto.client.cache_query","at":"2026-09-26T23:23:44.011739889Z","content":{"direction":"client","job_id":"eval:01a0e007-34b0-71b9-a807-5dc6d13d6dc2","len":null,"message":"CacheQuery","worker_id":"adbaf9ad-0b23-46d2-b57e-ed4d04ee8e3b"}}
{"event":"proto.client.cache_query","at":"2026-09-26T23:23:44.011848338Z","content":{"direction":"client","job_id":"eval:01a0e007-34b0-71b9-a807-5dc6d13d6dc2","len":null,"message":"CacheQuery","worker_id":"adbaf9ad-0b23-46d2-b57e-ed4d04ee8e3b"}}
{"event":"proto.server.cache_status","at":"2026-09-26T23:23:44.020775388Z","content":{"direction":"server","job_id":null,"len":22985,"message":"CacheStatus","worker_id":"adbaf9ad-0b23-46d2-b57e-ed4d04ee8e3b"}}
{"event":"proto.server.cache_status","at":"2026-09-26T23:23:44.059935299Z","content":{"direction":"server","job_id":null,"len":179904,"message":"CacheStatus","worker_id":"adbaf9ad-0b23-46d2-b57e-ed4d04ee8e3b"}}
{"event":"proto.client.job_update","at":"2026-09-26T23:23:44.102587394Z","content":{"direction":"client","job_id":"eval:01a0e007-34b0-71b9-a807-5dc6d13d6dc2","len":null,"message":"JobUpdate","worker_id":"adbaf9ad-0b23-46d2-b57e-ed4d04ee8e3b"}}
{"event":"proto.client.job_update","at":"2026-09-26T23:23:44.102632928Z","content":{"direction":"client","job_id":"eval:01a0e007-34b0-71b9-a807-5dc6d13d6dc2","len":null,"message":"JobUpdate","worker_id":"adbaf9ad-0b23-46d2-b57e-ed4d04ee8e3b"}}
{"event":"proto.client.eval_cache_push","at":"2026-09-26T23:23:44.102715805Z","content":{"direction":"client","job_id":"eval:01a0e007-34b0-71b9-a807-5dc6d13d6dc2","len":null,"message":"EvalCachePush","worker_id":"adbaf9ad-0b23-46d2-b57e-ed4d04ee8e3b"}}
{"event":"proto.server.eval_cache_push_grant","at":"2026-09-26T23:23:44.105058084Z","content":{"direction":"server","job_id":"eval:01a0e007-34b0-71b9-a807-5dc6d13d6dc2","len":127,"message":"EvalCachePushGrant","worker_id":"adbaf9ad-0b23-46d2-b57e-ed4d04ee8e3b"}}
{"event":"proto.client.request_job","at":"2026-09-26T23:23:44.142487240Z","content":{"direction":"client","job_id":null,"len":null,"message":"RequestJob","worker_id":"adbaf9ad-0b23-46d2-b57e-ed4d04ee8e3b"}}
{"event":"proto.client.job_completed","at":"2026-09-26T23:23:44.142634680Z","content":{"direction":"client","job_id":"eval:01a0e007-34b0-71b9-a807-5dc6d13d6dc2","len":null,"message":"JobCompleted","worker_id":"adbaf9ad-0b23-46d2-b57e-ed4d04ee8e3b"}}
{"event":"evaluation.progress","at":"2026-09-26T23:23:44.200382018Z","content":{"evaluation_id":"01a0e007-34b0-71b9-a807-5dc6d13d6dc2","task":"019ebe44-1952-7fa1-923d-a4d6e1f1523e"}}
{"event":"graph.ingested","at":"2026-09-26T23:23:44.200480889Z","content":{"entry_points":0,"evaluation_id":"01a0e007-34b0-71b9-a807-5dc6d13d6dc2","skipped":false,"task":"019ebe44-1952-7fa1-923d-a4d6e1f1523e","walked":29}}
{"event":"evaluation.building","at":"2026-09-26T23:23:44.557594275Z","content":{"created":false,"description":null,"evaluation_id":"01a0e007-34b0-71b9-a807-5dc6d13d6dc2","evaluation_kind":null,"phase":"building","project":null,"repository":null,"status":3,"task":"019ebe44-1952-7fa1-923d-a4d6e1f1523e"}}
{"event":"evaluation.completed","at":"2026-09-26T23:23:44.569519532Z","content":{"created":false,"description":null,"evaluation_id":"01a0e007-34b0-71b9-a807-5dc6d13d6dc2","evaluation_kind":null,"phase":"completed","project":null,"repository":null,"status":5,"task":"019ebe44-1952-7fa1-923d-a4d6e1f1523e"}}
{"event":"graph.transitioned","at":"2026-09-26T23:23:44.575100343Z","content":{"aborted":0,"prioritized":0}}
{"event":"graph.requeued","at":"2026-09-26T23:23:44.576355756Z","content":{"requeued":0}}
{"event":"proto.client.request_job","at":"2026-09-26T23:23:44.841864733Z","content":{"direction":"client","job_id":null,"len":null,"message":"RequestJob","worker_id":"adbaf9ad-0b23-46d2-b57e-ed4d04ee8e3b"}}
{"event":"proto.client.request_job","at":"2026-09-26T23:23:44.842012281Z","content":{"direction":"client","job_id":null,"len":null,"message":"RequestJob","worker_id":"adbaf9ad-0b23-46d2-b57e-ed4d04ee8e3b"}}
{"event":"proto.client.worker_metrics","at":"2026-09-26T23:23:45.050712852Z","content":{"direction":"client","job_id":null,"len":null,"message":"WorkerMetrics","worker_id":"adbaf9ad-0b23-46d2-b57e-ed4d04ee8e3b"}}
{"event":"graph.requeued","at":"2026-09-26T23:23:45.752786026Z","content":{"requeued":0}}
{"event":"worker.queue_depth","at":"2026-09-26T23:23:47.976488790Z","content":{"active":0,"pending":0,"workers":1}}
